// Vitest Snapshot v1, https://vitest.dev/guide/snapshot.html

exports[`Home > matches snapshot 1`] = `
<div>
  <main
    class="home"
  >
    <span
      aria-hidden="true"
      class="home__mark"
    />
    <h1
      class="home__title"
    >
      AgentAssembly
    </h1>
    <p
      class="home__note"
    >
      Nothing here yet.
    </p>
    <div
      class="sign-out"
    >
      <button
        class="button button--secondary"
        type="button"
      >
        Sign out
      </button>
    </div>
  </main>
</div>
`;
